2026-06-07 23:41:18,479 - INFO - Loaded fine-tuning defaults from configs/finetuning/ft_parsecg.yaml
2026-06-07 23:41:18,480 - INFO - Added paired dataset config: path=/data/home/zhangyaojie/data/NG/neoadjuvant_paired gene_col=gene_symbols
2026-06-07 23:41:18,500 - INFO - Loaded 15012 genes for fine-tuning from /data/home/zhangyaojie/Stack/notebooks/tutorial-pred-model/basecount_1000per_15000max.pkl
2026-06-07 23:41:18,500 - INFO - Preparing fine-tuning datasets from 1 configs
2026-06-07 23:41:18,500 - INFO - Creating base dataset for group splitting...
2026-06-07 23:41:18,501 - INFO - Initializing Enhanced MultiDatasetMetadataCache...
2026-06-07 23:41:18,548 - INFO - Loaded acceleration pools from cache:
2026-06-07 23:41:18,548 - INFO -   Group-identity combinations: 76
2026-06-07 23:41:18,548 - INFO -   File-identity combinations: 11
2026-06-07 23:41:18,548 - INFO -   Config-identity combinations: 11
2026-06-07 23:41:18,548 - INFO -   Paired group-condition-identity combinations: 152
2026-06-07 23:41:18,548 - INFO -   Unique identities: 11
2026-06-07 23:41:18,549 - INFO - Loaded metadata from cache: /data/home/zhangyaojie/Lung_stack/cache/finetune/NG_metadata.pkl
2026-06-07 23:41:18,581 - INFO - Initialization completed in 0.08s. Total cells: 124483
2026-06-07 23:41:18,581 - INFO - Current memory usage: ~0.87GB
2026-06-07 23:41:18,595 - INFO - [train] Created mapping for 11 unique cell identities.
2026-06-07 23:41:18,597 - INFO - Found 7 groups with >= 128 cells
2026-06-07 23:41:18,597 - INFO - Groups by type: 0 human, 0 drug, 7 paired
2026-06-07 23:41:18,597 - INFO - LOPO paired split fold 4/7: train=['P01', 'P05', 'P06', 'P09', 'P10'] val=P08 test=P07
2026-06-07 23:41:18,597 - INFO - Split groups: 5 train, 1 val, 1 test
2026-06-07 23:41:18,597 - INFO -   Human - train: 0, val: 0, test: 0
2026-06-07 23:41:18,597 - INFO -   Drug - train: 0, val: 0, test: 0
2026-06-07 23:41:18,597 - INFO -   Paired - train: 5, val: 1, test: 1
2026-06-07 23:41:18,602 - INFO - [train] Generating locality-aware samples with group preservation...
2026-06-07 23:41:18,694 - INFO - Generated 390 locality-aware samples in 0.09s for train mode
2026-06-07 23:41:18,694 - INFO -   Processed 5 (file, group) combinations
2026-06-07 23:41:18,694 - INFO -   Skipped 0 combinations with < 128 cells
2026-06-07 23:41:18,694 - INFO -   Samples by type: 0 human, 0 drug, 390 paired
2026-06-07 23:41:18,694 - INFO -   Average I/O locality: 390 contiguous blocks preserving group semantics
2026-06-07 23:41:18,696 - INFO - Found 7 groups with >= 128 cells
2026-06-07 23:41:18,696 - INFO - Groups by type: 0 human, 0 drug, 7 paired
2026-06-07 23:41:18,696 - INFO - LOPO paired split fold 4/7: train=['P01', 'P05', 'P06', 'P09', 'P10'] val=P08 test=P07
2026-06-07 23:41:18,696 - INFO - Split groups: 5 train, 1 val, 1 test
2026-06-07 23:41:18,696 - INFO -   Human - train: 0, val: 0, test: 0
2026-06-07 23:41:18,696 - INFO -   Drug - train: 0, val: 0, test: 0
2026-06-07 23:41:18,696 - INFO -   Paired - train: 5, val: 1, test: 1
2026-06-07 23:41:18,696 - INFO - Creating training dataset...
2026-06-07 23:41:18,710 - INFO - [train] Created mapping for 11 unique cell identities.
2026-06-07 23:41:18,717 - INFO - [train] Generating locality-aware samples with group preservation...
2026-06-07 23:41:18,807 - INFO - Generated 194 locality-aware samples in 0.09s for train mode
2026-06-07 23:41:18,807 - INFO -   Processed 5 (file, group) combinations
2026-06-07 23:41:18,807 - INFO -   Skipped 0 combinations with < 256 cells
2026-06-07 23:41:18,807 - INFO -   Samples by type: 0 human, 0 drug, 194 paired
2026-06-07 23:41:18,807 - INFO -   Average I/O locality: 194 contiguous blocks preserving group semantics
2026-06-07 23:41:18,808 - INFO - Creating validation dataset...
2026-06-07 23:41:18,822 - INFO - [val] Created mapping for 11 unique cell identities.
2026-06-07 23:41:18,829 - INFO - [val] Generating locality-aware samples with group preservation...
2026-06-07 23:41:18,857 - INFO - Generated 22 locality-aware samples in 0.03s for val mode
2026-06-07 23:41:18,857 - INFO -   Processed 1 (file, group) combinations
2026-06-07 23:41:18,857 - INFO -   Skipped 0 combinations with < 256 cells
2026-06-07 23:41:18,857 - INFO -   Samples by type: 0 human, 0 drug, 22 paired
2026-06-07 23:41:18,857 - INFO -   Average I/O locality: 22 contiguous blocks preserving group semantics
2026-06-07 23:41:18,857 - INFO - Creating test dataset...
2026-06-07 23:41:18,870 - INFO - [test] Created mapping for 11 unique cell identities.
2026-06-07 23:41:18,877 - INFO - [test] Generating locality-aware samples with group preservation...
2026-06-07 23:41:18,904 - INFO - Generated 19 locality-aware samples in 0.03s for test mode
2026-06-07 23:41:18,904 - INFO -   Processed 1 (file, group) combinations
2026-06-07 23:41:18,904 - INFO -   Skipped 0 combinations with < 256 cells
2026-06-07 23:41:18,904 - INFO -   Samples by type: 0 human, 0 drug, 19 paired
2026-06-07 23:41:18,904 - INFO -   Average I/O locality: 19 contiguous blocks preserving group semantics
2026-06-07 23:41:18,904 - INFO - Fine-tuning splits prepared: train=194 val=22 test=19
2026-06-07 23:41:18,904 - INFO - Saved dataset split information to /data/home/zhangyaojie/Lung_stack/outputs/finetune/NG/fold_3/dataset_splits.json
2026-06-07 23:41:18,904 - INFO - Loading model from checkpoint: /data/home/zhangyaojie/Stack/notebooks/tutorial-pred-model/bc_large_aligned.ckpt
/data/home/zhangyaojie/Lung_stack/src/stack/finetune/utils.py:137: FutureWarning: You are using `torch.load` with `weights_only=False` (the current default value), which uses the default pickle module implicitly. It is possible to construct malicious pickle data which will execute arbitrary code during unpickling (See https://github.com/pytorch/pytorch/blob/main/SECURITY.md#untrusted-models for more details). In a future release, the default value for `weights_only` will be flipped to `True`. This limits the functions that could be executed during unpickling. Arbitrary objects will no longer be allowed to be loaded via this mode unless they are explicitly allowlisted by the user via `torch.serialization.add_safe_globals`. We recommend you start setting `weights_only=True` for any use case where you don't have full control of the loaded file. Please open an issue on GitHub for any issues related to this experimental feature.
  ckpt = torch.load(ckpt_path, map_location="cpu")
2026-06-07 23:41:19,904 - INFO - Override model_config.n_cells: 512 -> 256
/data/home/zhangyaojie/miniconda3/envs/Stella/lib/python3.10/site-packages/lightning_fabric/utilities/cloud_io.py:73: You are using `torch.load` with `weights_only=False` (the current default value), which uses the default pickle module implicitly. It is possible to construct malicious pickle data which will execute arbitrary code during unpickling (See https://github.com/pytorch/pytorch/blob/main/SECURITY.md#untrusted-models for more details). In a future release, the default value for `weights_only` will be flipped to `True`. This limits the functions that could be executed during unpickling. Arbitrary objects will no longer be allowed to be loaded via this mode unless they are explicitly allowlisted by the user via `torch.serialization.add_safe_globals`. We recommend you start setting `weights_only=True` for any use case where you don't have full control of the loaded file. Please open an issue on GitHub for any issues related to this experimental feature.
2026-06-07 23:41:26,553 - INFO - Freezing teacher model parameters for distillation
2026-06-07 23:41:26,555 - INFO - Fine-tune strategy: stage1 (train query_pos_embedding, cls, output_mlp final layer)
2026-06-07 23:41:26,556 - INFO - Student trainable parameters: 351825/217806513 (0.1615%)
/data/home/zhangyaojie/miniconda3/envs/Stella/lib/python3.10/site-packages/pytorch_lightning/core/saving.py:193: Found keys that are in the model state dict but not in the checkpoint: ['teacher_model.gene_pos_embedding', 'teacher_model.query_pos_embedding', 'teacher_model.gene_reduction.0.weight', 'teacher_model.gene_reduction.0.bias', 'teacher_model.layers.0.cell_attn.qkv.weight', 'teacher_model.layers.0.cell_attn.proj.weight', 'teacher_model.layers.0.cell_attn.proj.bias', 'teacher_model.layers.0.cell_norm.weight', 'teacher_model.layers.0.cell_norm.bias', 'teacher_model.layers.0.gene_attn.qkv.weight', 'teacher_model.layers.0.gene_attn.proj.weight', 'teacher_model.layers.0.gene_attn.proj.bias', 'teacher_model.layers.0.gene_norm.weight', 'teacher_model.layers.0.gene_norm.bias', 'teacher_model.layers.0.mlp.0.weight', 'teacher_model.layers.0.mlp.0.bias', 'teacher_model.layers.0.mlp.3.weight', 'teacher_model.layers.0.mlp.3.bias', 'teacher_model.layers.0.mlp_norm.weight', 'teacher_model.layers.0.mlp_norm.bias', 'teacher_model.layers.1.cell_attn.qkv.weight', 'teacher_model.layers.1.cell_attn.proj.weight', 'teacher_model.layers.1.cell_attn.proj.bias', 'teacher_model.layers.1.cell_norm.weight', 'teacher_model.layers.1.cell_norm.bias', 'teacher_model.layers.1.gene_attn.qkv.weight', 'teacher_model.layers.1.gene_attn.proj.weight', 'teacher_model.layers.1.gene_attn.proj.bias', 'teacher_model.layers.1.gene_norm.weight', 'teacher_model.layers.1.gene_norm.bias', 'teacher_model.layers.1.mlp.0.weight', 'teacher_model.layers.1.mlp.0.bias', 'teacher_model.layers.1.mlp.3.weight', 'teacher_model.layers.1.mlp.3.bias', 'teacher_model.layers.1.mlp_norm.weight', 'teacher_model.layers.1.mlp_norm.bias', 'teacher_model.layers.2.cell_attn.qkv.weight', 'teacher_model.layers.2.cell_attn.proj.weight', 'teacher_model.layers.2.cell_attn.proj.bias', 'teacher_model.layers.2.cell_norm.weight', 'teacher_model.layers.2.cell_norm.bias', 'teacher_model.layers.2.gene_attn.qkv.weight', 'teacher_model.layers.2.gene_attn.proj.weight', 'teacher_model.layers.2.gene_attn.proj.bias', 'teacher_model.layers.2.gene_norm.weight', 'teacher_model.layers.2.gene_norm.bias', 'teacher_model.layers.2.mlp.0.weight', 'teacher_model.layers.2.mlp.0.bias', 'teacher_model.layers.2.mlp.3.weight', 'teacher_model.layers.2.mlp.3.bias', 'teacher_model.layers.2.mlp_norm.weight', 'teacher_model.layers.2.mlp_norm.bias', 'teacher_model.layers.3.cell_attn.qkv.weight', 'teacher_model.layers.3.cell_attn.proj.weight', 'teacher_model.layers.3.cell_attn.proj.bias', 'teacher_model.layers.3.cell_norm.weight', 'teacher_model.layers.3.cell_norm.bias', 'teacher_model.layers.3.gene_attn.qkv.weight', 'teacher_model.layers.3.gene_attn.proj.weight', 'teacher_model.layers.3.gene_attn.proj.bias', 'teacher_model.layers.3.gene_norm.weight', 'teacher_model.layers.3.gene_norm.bias', 'teacher_model.layers.3.mlp.0.weight', 'teacher_model.layers.3.mlp.0.bias', 'teacher_model.layers.3.mlp.3.weight', 'teacher_model.layers.3.mlp.3.bias', 'teacher_model.layers.3.mlp_norm.weight', 'teacher_model.layers.3.mlp_norm.bias', 'teacher_model.layers.4.cell_attn.qkv.weight', 'teacher_model.layers.4.cell_attn.proj.weight', 'teacher_model.layers.4.cell_attn.proj.bias', 'teacher_model.layers.4.cell_norm.weight', 'teacher_model.layers.4.cell_norm.bias', 'teacher_model.layers.4.gene_attn.qkv.weight', 'teacher_model.layers.4.gene_attn.proj.weight', 'teacher_model.layers.4.gene_attn.proj.bias', 'teacher_model.layers.4.gene_norm.weight', 'teacher_model.layers.4.gene_norm.bias', 'teacher_model.layers.4.mlp.0.weight', 'teacher_model.layers.4.mlp.0.bias', 'teacher_model.layers.4.mlp.3.weight', 'teacher_model.layers.4.mlp.3.bias', 'teacher_model.layers.4.mlp_norm.weight', 'teacher_model.layers.4.mlp_norm.bias', 'teacher_model.layers.5.cell_attn.qkv.weight', 'teacher_model.layers.5.cell_attn.proj.weight', 'teacher_model.layers.5.cell_attn.proj.bias', 'teacher_model.layers.5.cell_norm.weight', 'teacher_model.layers.5.cell_norm.bias', 'teacher_model.layers.5.gene_attn.qkv.weight', 'teacher_model.layers.5.gene_attn.proj.weight', 'teacher_model.layers.5.gene_attn.proj.bias', 'teacher_model.layers.5.gene_norm.weight', 'teacher_model.layers.5.gene_norm.bias', 'teacher_model.layers.5.mlp.0.weight', 'teacher_model.layers.5.mlp.0.bias', 'teacher_model.layers.5.mlp.3.weight', 'teacher_model.layers.5.mlp.3.bias', 'teacher_model.layers.5.mlp_norm.weight', 'teacher_model.layers.5.mlp_norm.bias', 'teacher_model.layers.6.cell_attn.qkv.weight', 'teacher_model.layers.6.cell_attn.proj.weight', 'teacher_model.layers.6.cell_attn.proj.bias', 'teacher_model.layers.6.cell_norm.weight', 'teacher_model.layers.6.cell_norm.bias', 'teacher_model.layers.6.gene_attn.qkv.weight', 'teacher_model.layers.6.gene_attn.proj.weight', 'teacher_model.layers.6.gene_attn.proj.bias', 'teacher_model.layers.6.gene_norm.weight', 'teacher_model.layers.6.gene_norm.bias', 'teacher_model.layers.6.mlp.0.weight', 'teacher_model.layers.6.mlp.0.bias', 'teacher_model.layers.6.mlp.3.weight', 'teacher_model.layers.6.mlp.3.bias', 'teacher_model.layers.6.mlp_norm.weight', 'teacher_model.layers.6.mlp_norm.bias', 'teacher_model.layers.7.cell_attn.qkv.weight', 'teacher_model.layers.7.cell_attn.proj.weight', 'teacher_model.layers.7.cell_attn.proj.bias', 'teacher_model.layers.7.cell_norm.weight', 'teacher_model.layers.7.cell_norm.bias', 'teacher_model.layers.7.gene_attn.qkv.weight', 'teacher_model.layers.7.gene_attn.proj.weight', 'teacher_model.layers.7.gene_attn.proj.bias', 'teacher_model.layers.7.gene_norm.weight', 'teacher_model.layers.7.gene_norm.bias', 'teacher_model.layers.7.mlp.0.weight', 'teacher_model.layers.7.mlp.0.bias', 'teacher_model.layers.7.mlp.3.weight', 'teacher_model.layers.7.mlp.3.bias', 'teacher_model.layers.7.mlp_norm.weight', 'teacher_model.layers.7.mlp_norm.bias', 'teacher_model.layers.8.cell_attn.qkv.weight', 'teacher_model.layers.8.cell_attn.proj.weight', 'teacher_model.layers.8.cell_attn.proj.bias', 'teacher_model.layers.8.cell_norm.weight', 'teacher_model.layers.8.cell_norm.bias', 'teacher_model.layers.8.gene_attn.qkv.weight', 'teacher_model.layers.8.gene_attn.proj.weight', 'teacher_model.layers.8.gene_attn.proj.bias', 'teacher_model.layers.8.gene_norm.weight', 'teacher_model.layers.8.gene_norm.bias', 'teacher_model.layers.8.mlp.0.weight', 'teacher_model.layers.8.mlp.0.bias', 'teacher_model.layers.8.mlp.3.weight', 'teacher_model.layers.8.mlp.3.bias', 'teacher_model.layers.8.mlp_norm.weight', 'teacher_model.layers.8.mlp_norm.bias', 'teacher_model.output_mlp.0.weight', 'teacher_model.output_mlp.0.bias', 'teacher_model.output_mlp.3.weight', 'teacher_model.output_mlp.3.bias', 'teacher_model.cls.0.weight', 'teacher_model.cls.0.bias', 'teacher_model.cls.2.weight', 'teacher_model.cls.2.bias']
Using bfloat16 Automatic Mixed Precision (AMP)
GPU available: True (cuda), used: True
TPU available: False, using: 0 TPU cores
💡 Tip: For seamless cloud logging and experiment tracking, try installing [litlogger](https://pypi.org/project/litlogger/) to enable LitLogger, which logs metrics and artifacts automatically to the Lightning Experiments platform.
2026-06-07 23:41:27,179 - INFO - ================================================================================
2026-06-07 23:41:27,179 - INFO - FINE-TUNING CONFIGURATION WITH FROZEN TEACHER
2026-06-07 23:41:27,179 - INFO - ================================================================================
2026-06-07 23:41:27,179 - INFO - Checkpoint: /data/home/zhangyaojie/Stack/notebooks/tutorial-pred-model/bc_large_aligned.ckpt
2026-06-07 23:41:27,179 - INFO - Model configuration:
2026-06-07 23:41:27,179 - INFO -   n_genes: 15012
2026-06-07 23:41:27,179 - INFO -   n_hidden: 100
2026-06-07 23:41:27,179 - INFO -   token_dim: 16
2026-06-07 23:41:27,179 - INFO -   n_cells: 256
2026-06-07 23:41:27,179 - INFO -   n_layers: 9
2026-06-07 23:41:27,179 - INFO -   n_heads: 8
2026-06-07 23:41:27,179 - INFO -   dropout: 0.0
2026-06-07 23:41:27,179 - INFO -   mask_rate_min: 0.1
2026-06-07 23:41:27,179 - INFO -   mask_rate_max: 0.8
2026-06-07 23:41:27,179 - INFO -   sw_weight: 0.01
2026-06-07 23:41:27,179 - INFO -   n_proj: 64
2026-06-07 23:41:27,179 - INFO - Training setup:
2026-06-07 23:41:27,179 - INFO -   Using Frozen Teacher architecture for stable targets
2026-06-07 23:41:27,179 - INFO - Dataset configurations:
2026-06-07 23:41:27,179 - INFO -   Dataset 1: paired - /data/home/zhangyaojie/data/NG/neoadjuvant_paired
2026-06-07 23:41:27,179 - INFO -     Patient col: Patient, Timepoint col: Timepoint, Cell type col: cell_type, Pre/Post: Pre-biopsy/Post-surgery
2026-06-07 23:41:27,179 - INFO -     Filter organism: False
2026-06-07 23:41:27,179 - INFO - Gene list: /data/home/zhangyaojie/Stack/notebooks/tutorial-pred-model/basecount_1000per_15000max.pkl (15012 genes)
2026-06-07 23:41:27,179 - INFO - Sample size: 256
2026-06-07 23:41:27,179 - INFO - Split strategy: lopo (fold=3, val_offset=1)
2026-06-07 23:41:27,179 - INFO - Paired sampling method: method1_capacity_strict
2026-06-07 23:41:27,179 - INFO - N kept cells (Student): 64
2026-06-07 23:41:27,179 - INFO - Batch size: 8
2026-06-07 23:41:27,179 - INFO - Fine-tune strategy: stage1
2026-06-07 23:41:27,179 - INFO - Learning rate: 1e-05
2026-06-07 23:41:27,180 - INFO - Head learning rate: 0.0001
2026-06-07 23:41:27,180 - INFO - Decoder learning rate: 1e-05
2026-06-07 23:41:27,180 - INFO - Max epochs: 12
2026-06-07 23:41:27,180 - INFO - Save dir: /data/home/zhangyaojie/Lung_stack/outputs/finetune/NG/fold_3
2026-06-07 23:41:27,180 - INFO - Run name: NG_stage1_fold3_seed42_fold_3_seed_42
2026-06-07 23:41:27,180 - INFO - Logger: TensorBoardLogger
2026-06-07 23:41:27,180 - INFO - ================================================================================
Initializing distributed: GLOBAL_RANK: 0, MEMBER: 1/1
----------------------------------------------------------------------------------------------------
distributed_backend=nccl
All distributed processes registered. Starting with 1 processes
----------------------------------------------------------------------------------------------------

2026-06-07 23:41:27,731 - INFO - Preparing fine-tuning datasets from 1 configs
2026-06-07 23:41:27,732 - INFO - Creating base dataset for group splitting...
2026-06-07 23:41:27,746 - INFO - [train] Created mapping for 11 unique cell identities.
2026-06-07 23:41:27,748 - INFO - Found 7 groups with >= 128 cells
2026-06-07 23:41:27,748 - INFO - Groups by type: 0 human, 0 drug, 7 paired
2026-06-07 23:41:27,748 - INFO - LOPO paired split fold 4/7: train=['P01', 'P05', 'P06', 'P09', 'P10'] val=P08 test=P07
2026-06-07 23:41:27,749 - INFO - Split groups: 5 train, 1 val, 1 test
2026-06-07 23:41:27,749 - INFO -   Human - train: 0, val: 0, test: 0
2026-06-07 23:41:27,749 - INFO -   Drug - train: 0, val: 0, test: 0
2026-06-07 23:41:27,749 - INFO -   Paired - train: 5, val: 1, test: 1
2026-06-07 23:41:27,754 - INFO - [train] Generating locality-aware samples with group preservation...
2026-06-07 23:41:27,848 - INFO - Generated 390 locality-aware samples in 0.09s for train mode
2026-06-07 23:41:27,848 - INFO -   Processed 5 (file, group) combinations
2026-06-07 23:41:27,848 - INFO -   Skipped 0 combinations with < 128 cells
2026-06-07 23:41:27,848 - INFO -   Samples by type: 0 human, 0 drug, 390 paired
2026-06-07 23:41:27,848 - INFO -   Average I/O locality: 390 contiguous blocks preserving group semantics
2026-06-07 23:41:27,850 - INFO - Found 7 groups with >= 128 cells
2026-06-07 23:41:27,850 - INFO - Groups by type: 0 human, 0 drug, 7 paired
2026-06-07 23:41:27,850 - INFO - LOPO paired split fold 4/7: train=['P01', 'P05', 'P06', 'P09', 'P10'] val=P08 test=P07
2026-06-07 23:41:27,850 - INFO - Split groups: 5 train, 1 val, 1 test
2026-06-07 23:41:27,850 - INFO -   Human - train: 0, val: 0, test: 0
2026-06-07 23:41:27,850 - INFO -   Drug - train: 0, val: 0, test: 0
2026-06-07 23:41:27,850 - INFO -   Paired - train: 5, val: 1, test: 1
2026-06-07 23:41:27,850 - INFO - Creating training dataset...
2026-06-07 23:41:27,864 - INFO - [train] Created mapping for 11 unique cell identities.
2026-06-07 23:41:27,871 - INFO - [train] Generating locality-aware samples with group preservation...
2026-06-07 23:41:27,961 - INFO - Generated 194 locality-aware samples in 0.09s for train mode
2026-06-07 23:41:27,962 - INFO -   Processed 5 (file, group) combinations
2026-06-07 23:41:27,962 - INFO -   Skipped 0 combinations with < 256 cells
2026-06-07 23:41:27,962 - INFO -   Samples by type: 0 human, 0 drug, 194 paired
2026-06-07 23:41:27,962 - INFO -   Average I/O locality: 194 contiguous blocks preserving group semantics
2026-06-07 23:41:27,962 - INFO - Creating validation dataset...
2026-06-07 23:41:27,976 - INFO - [val] Created mapping for 11 unique cell identities.
2026-06-07 23:41:27,983 - INFO - [val] Generating locality-aware samples with group preservation...
2026-06-07 23:41:28,012 - INFO - Generated 22 locality-aware samples in 0.03s for val mode
2026-06-07 23:41:28,012 - INFO -   Processed 1 (file, group) combinations
2026-06-07 23:41:28,012 - INFO -   Skipped 0 combinations with < 256 cells
2026-06-07 23:41:28,012 - INFO -   Samples by type: 0 human, 0 drug, 22 paired
2026-06-07 23:41:28,012 - INFO -   Average I/O locality: 22 contiguous blocks preserving group semantics
2026-06-07 23:41:28,012 - INFO - Creating test dataset...
2026-06-07 23:41:28,026 - INFO - [test] Created mapping for 11 unique cell identities.
2026-06-07 23:41:28,033 - INFO - [test] Generating locality-aware samples with group preservation...
2026-06-07 23:41:28,060 - INFO - Generated 19 locality-aware samples in 0.03s for test mode
2026-06-07 23:41:28,060 - INFO -   Processed 1 (file, group) combinations
2026-06-07 23:41:28,060 - INFO -   Skipped 0 combinations with < 256 cells
2026-06-07 23:41:28,060 - INFO -   Samples by type: 0 human, 0 drug, 19 paired
2026-06-07 23:41:28,060 - INFO -   Average I/O locality: 19 contiguous blocks preserving group semantics
2026-06-07 23:41:28,060 - INFO - Fine-tuning splits prepared: train=194 val=22 test=19
/data/home/zhangyaojie/miniconda3/envs/Stella/lib/python3.10/site-packages/pytorch_lightning/callbacks/model_checkpoint.py:881: Checkpoint directory /data/home/zhangyaojie/Lung_stack/outputs/finetune/NG/fold_3 exists and is not empty.
LOCAL_RANK: 0 - CUDA_VISIBLE_DEVICES: [7]
/data/home/zhangyaojie/miniconda3/envs/Stella/lib/python3.10/site-packages/pytorch_lightning/utilities/model_summary/model_summary.py:242: Precision bf16-mixed is not supported by the model summary.  Estimated model size in MB will not be accurate. Using 32 bits instead.
/data/home/zhangyaojie/miniconda3/envs/Stella/bin/python
3.10.19 (main, Oct 21 2025, 16:43:05) [GCC 11.2.0]
┏━━━┳━━━━━━━━━━━━━━━┳━━━━━━━━━━━━━━━━━━━━┳━━━━━━━━┳━━━━━━━┳━━━━━━━┓
┃   ┃ Name          ┃ Type               ┃ Params ┃ Mode  ┃ FLOPs ┃
┡━━━╇━━━━━━━━━━━━━━━╇━━━━━━━━━━━━━━━━━━━━╇━━━━━━━━╇━━━━━━━╇━━━━━━━┩
│ 0 │ model         │ ICL_FinetunedModel │  217 M │ train │     0 │
│ 1 │ teacher_model │ ICL_FinetunedModel │  217 M │ eval  │     0 │
└───┴───────────────┴────────────────────┴────────┴───────┴───────┘
Trainable params: 351 K                                                                                           
Non-trainable params: 435 M                                                                                       
Total params: 435 M                                                                                               
Total estimated model params size (MB): 1,742.452                                                                 
Modules in train mode: 179                                                                                        
Modules in eval mode: 179                                                                                         
Total FLOPs: 0                                                                                                    
2026-06-07 23:41:28,114 - INFO - `on_fit_start` hook called. Syncing teacher model weights from student...
2026-06-07 23:41:28,118 - INFO - VERIFYING teacher weights against student weights...
2026-06-07 23:41:28,140 - INFO - SUCCESS: Teacher weights match student weights.
2026-06-07 23:41:28,150 - INFO - Sample tensor sum: 2.597881317138672
2026-06-07 23:41:28,150 - INFO - Teacher model weights synced successfully.
2026-06-07 23:41:28,450 - INFO - Model architecture verification passed for both student and teacher.
/data/home/zhangyaojie/miniconda3/envs/Stella/lib/python3.10/site-packages/pytorch_lightning/utilities/data.py:79: Trying to infer the `batch_size` from an ambiguous collection. The batch size we found is 8. To avoid any miscalculations, use `self.log(..., batch_size=batch_size)`.
/data/home/zhangyaojie/miniconda3/envs/Stella/lib/python3.10/site-packages/pytorch_lightning/loops/fit_loop.py:321: The number of training batches (24) is smaller than the logging interval Trainer(log_every_n_steps=50). Set a lower value for log_every_n_steps if you want to see logs for the training epoch.
/data/home/zhangyaojie/miniconda3/envs/Stella/lib/python3.10/site-packages/pytorch_lightning/loops/fit_loop.py:538: Found 179 module(s) in eval mode at the start of training. This may lead to unexpected behavior during training. If this is intentional, you can ignore this warning.
Epoch 0/11 ━━━━━━━━━━━                        8/24 0:00:12 • 0:00:21 0.80it/s v_num: d_42 train/loss_step: 7.065  
                                                                              train/recon_loss_step: 0.253        
                                                                              train/mmd_loss_step: 6.424          
                                                                              train/sw_loss_step: 0.073           
                                                                              train/cls_loss_step: 0.388          
                                                                              train/cls_acc_step: 0.499           
[rank0]: Traceback (most recent call last):
[rank0]:   File "/data/home/zhangyaojie/miniconda3/envs/Stella/lib/python3.10/runpy.py", line 196, in _run_module_as_main
[rank0]:     return _run_code(code, main_globals, None,
[rank0]:   File "/data/home/zhangyaojie/miniconda3/envs/Stella/lib/python3.10/runpy.py", line 86, in _run_code
[rank0]:     exec(code, run_globals)
[rank0]:   File "/data/home/zhangyaojie/Lung_stack/src/stack/cli/launch_finetuning.py", line 488, in <module>
[rank0]:     main()
[rank0]:   File "/data/home/zhangyaojie/Lung_stack/src/stack/cli/launch_finetuning.py", line 477, in main
[rank0]:     trainer.fit(student_model, datamodule=data_module)
[rank0]:   File "/data/home/zhangyaojie/miniconda3/envs/Stella/lib/python3.10/site-packages/pytorch_lightning/trainer/trainer.py", line 584, in fit
[rank0]:     call._call_and_handle_interrupt(
[rank0]:   File "/data/home/zhangyaojie/miniconda3/envs/Stella/lib/python3.10/site-packages/pytorch_lightning/trainer/call.py", line 48, in _call_and_handle_interrupt
[rank0]:     return trainer.strategy.launcher.launch(trainer_fn, *args, trainer=trainer, **kwargs)
[rank0]:   File "/data/home/zhangyaojie/miniconda3/envs/Stella/lib/python3.10/site-packages/pytorch_lightning/strategies/launchers/subprocess_script.py", line 105, in launch
[rank0]:     return function(*args, **kwargs)
[rank0]:   File "/data/home/zhangyaojie/miniconda3/envs/Stella/lib/python3.10/site-packages/pytorch_lightning/trainer/trainer.py", line 630, in _fit_impl
[rank0]:     self._run(model, ckpt_path=ckpt_path, weights_only=weights_only)
[rank0]:   File "/data/home/zhangyaojie/miniconda3/envs/Stella/lib/python3.10/site-packages/pytorch_lightning/trainer/trainer.py", line 1079, in _run
[rank0]:     results = self._run_stage()
[rank0]:   File "/data/home/zhangyaojie/miniconda3/envs/Stella/lib/python3.10/site-packages/pytorch_lightning/trainer/trainer.py", line 1123, in _run_stage
[rank0]:     self.fit_loop.run()
[rank0]:   File "/data/home/zhangyaojie/miniconda3/envs/Stella/lib/python3.10/site-packages/pytorch_lightning/loops/fit_loop.py", line 217, in run
[rank0]:     self.advance()
[rank0]:   File "/data/home/zhangyaojie/miniconda3/envs/Stella/lib/python3.10/site-packages/pytorch_lightning/loops/fit_loop.py", line 469, in advance
[rank0]:     self.epoch_loop.run(self._data_fetcher)
[rank0]:   File "/data/home/zhangyaojie/miniconda3/envs/Stella/lib/python3.10/site-packages/pytorch_lightning/loops/training_epoch_loop.py", line 153, in run
[rank0]:     self.advance(data_fetcher)
[rank0]:   File "/data/home/zhangyaojie/miniconda3/envs/Stella/lib/python3.10/site-packages/pytorch_lightning/loops/training_epoch_loop.py", line 311, in advance
[rank0]:     batch, _, __ = next(data_fetcher)
[rank0]:   File "/data/home/zhangyaojie/miniconda3/envs/Stella/lib/python3.10/site-packages/pytorch_lightning/loops/fetchers.py", line 134, in __next__
[rank0]:     batch = super().__next__()
[rank0]:   File "/data/home/zhangyaojie/miniconda3/envs/Stella/lib/python3.10/site-packages/pytorch_lightning/loops/fetchers.py", line 61, in __next__
[rank0]:     batch = next(self.iterator)
[rank0]:   File "/data/home/zhangyaojie/miniconda3/envs/Stella/lib/python3.10/site-packages/pytorch_lightning/utilities/combined_loader.py", line 341, in __next__
[rank0]:     out = next(self._iterator)
[rank0]:   File "/data/home/zhangyaojie/miniconda3/envs/Stella/lib/python3.10/site-packages/pytorch_lightning/utilities/combined_loader.py", line 78, in __next__
[rank0]:     out[i] = next(self.iterators[i])
[rank0]:   File "/data/home/zhangyaojie/miniconda3/envs/Stella/lib/python3.10/site-packages/torch/utils/data/dataloader.py", line 630, in __next__
[rank0]:     data = self._next_data()
[rank0]:   File "/data/home/zhangyaojie/miniconda3/envs/Stella/lib/python3.10/site-packages/torch/utils/data/dataloader.py", line 1344, in _next_data
[rank0]:     return self._process_data(data)
[rank0]:   File "/data/home/zhangyaojie/miniconda3/envs/Stella/lib/python3.10/site-packages/torch/utils/data/dataloader.py", line 1370, in _process_data
[rank0]:     data.reraise()
[rank0]:   File "/data/home/zhangyaojie/miniconda3/envs/Stella/lib/python3.10/site-packages/torch/_utils.py", line 706, in reraise
[rank0]:     raise exception
[rank0]: KeyError: Caught KeyError in DataLoader worker process 0.
[rank0]: Original Traceback (most recent call last):
[rank0]:   File "/data/home/zhangyaojie/miniconda3/envs/Stella/lib/python3.10/site-packages/torch/utils/data/_utils/worker.py", line 309, in _worker_loop
[rank0]:     data = fetcher.fetch(index)  # type: ignore[possibly-undefined]
[rank0]:   File "/data/home/zhangyaojie/miniconda3/envs/Stella/lib/python3.10/site-packages/torch/utils/data/_utils/fetch.py", line 55, in fetch
[rank0]:     return self.collate_fn(data)
[rank0]:   File "/data/home/zhangyaojie/miniconda3/envs/Stella/lib/python3.10/site-packages/torch/utils/data/_utils/collate.py", line 317, in default_collate
[rank0]:     return collate(batch, collate_fn_map=default_collate_fn_map)
[rank0]:   File "/data/home/zhangyaojie/miniconda3/envs/Stella/lib/python3.10/site-packages/torch/utils/data/_utils/collate.py", line 174, in collate
[rank0]:     return [collate(samples, collate_fn_map=collate_fn_map) for samples in transposed]  # Backwards compatibility.
[rank0]:   File "/data/home/zhangyaojie/miniconda3/envs/Stella/lib/python3.10/site-packages/torch/utils/data/_utils/collate.py", line 174, in <listcomp>
[rank0]:     return [collate(samples, collate_fn_map=collate_fn_map) for samples in transposed]  # Backwards compatibility.
[rank0]:   File "/data/home/zhangyaojie/miniconda3/envs/Stella/lib/python3.10/site-packages/torch/utils/data/_utils/collate.py", line 155, in collate
[rank0]:     clone.update({key: collate([d[key] for d in batch], collate_fn_map=collate_fn_map) for key in elem})
[rank0]:   File "/data/home/zhangyaojie/miniconda3/envs/Stella/lib/python3.10/site-packages/torch/utils/data/_utils/collate.py", line 155, in <dictcomp>
[rank0]:     clone.update({key: collate([d[key] for d in batch], collate_fn_map=collate_fn_map) for key in elem})
[rank0]:   File "/data/home/zhangyaojie/miniconda3/envs/Stella/lib/python3.10/site-packages/torch/utils/data/_utils/collate.py", line 155, in collate
[rank0]:     clone.update({key: collate([d[key] for d in batch], collate_fn_map=collate_fn_map) for key in elem})
[rank0]:   File "/data/home/zhangyaojie/miniconda3/envs/Stella/lib/python3.10/site-packages/torch/utils/data/_utils/collate.py", line 155, in <dictcomp>
[rank0]:     clone.update({key: collate([d[key] for d in batch], collate_fn_map=collate_fn_map) for key in elem})
[rank0]:   File "/data/home/zhangyaojie/miniconda3/envs/Stella/lib/python3.10/site-packages/torch/utils/data/_utils/collate.py", line 155, in <listcomp>
[rank0]:     clone.update({key: collate([d[key] for d in batch], collate_fn_map=collate_fn_map) for key in elem})
[rank0]: KeyError: 'Neutrophil'

