2026-06-10 23:36:12,384 - INFO - Loaded fine-tuning defaults from configs/finetuning/ft_parsecg.yaml
2026-06-10 23:36:12,385 - INFO - Added paired dataset config: path=/data/home/zhangyaojie/data/NG/neoadjuvant_paired gene_col=gene_symbols
2026-06-10 23:36:12,417 - INFO - Loaded 15012 genes for fine-tuning from /data/home/zhangyaojie/Stack/notebooks/tutorial-pred-model/basecount_1000per_15000max.pkl
2026-06-10 23:36:12,417 - INFO - Preparing fine-tuning datasets from 1 configs
2026-06-10 23:36:12,419 - INFO - Creating base dataset for group splitting...
2026-06-10 23:36:12,421 - INFO - Initializing Enhanced MultiDatasetMetadataCache...
2026-06-10 23:36:12,485 - INFO - Loaded acceleration pools from cache:
2026-06-10 23:36:12,486 - INFO -   Group-identity combinations: 76
2026-06-10 23:36:12,486 - INFO -   File-identity combinations: 11
2026-06-10 23:36:12,486 - INFO -   Config-identity combinations: 11
2026-06-10 23:36:12,486 - INFO -   Paired group-condition-identity combinations: 152
2026-06-10 23:36:12,486 - INFO -   Unique identities: 11
2026-06-10 23:36:12,487 - INFO - Loaded metadata from cache: /data/home/zhangyaojie/Lung_stack/cache/finetune/NG_metadata.pkl
2026-06-10 23:36:12,549 - INFO - Initialization completed in 0.13s. Total cells: 124483
2026-06-10 23:36:12,550 - INFO - Current memory usage: ~0.88GB
2026-06-10 23:36:12,579 - INFO - [train] Created mapping for 11 unique cell identities.
2026-06-10 23:36:12,582 - INFO - Found 7 groups with >= 128 cells
2026-06-10 23:36:12,583 - INFO - Groups by type: 0 human, 0 drug, 7 paired
2026-06-10 23:36:12,583 - INFO - LOPO paired split fold 6/7: train=['P01', 'P05', 'P06', 'P07', 'P08'] val=P10 test=P09
2026-06-10 23:36:12,583 - INFO - Split groups: 5 train, 1 val, 1 test
2026-06-10 23:36:12,583 - INFO -   Human - train: 0, val: 0, test: 0
2026-06-10 23:36:12,584 - INFO -   Drug - train: 0, val: 0, test: 0
2026-06-10 23:36:12,584 - INFO -   Paired - train: 5, val: 1, test: 1
2026-06-10 23:36:12,591 - INFO - [train] Generating locality-aware samples with group preservation...
2026-06-10 23:36:12,821 - INFO - Generated 373 locality-aware samples in 0.23s for train mode
2026-06-10 23:36:12,822 - INFO -   Processed 5 (file, group) combinations
2026-06-10 23:36:12,823 - INFO -   Skipped 0 combinations with < 128 cells
2026-06-10 23:36:12,823 - INFO -   Samples by type: 0 human, 0 drug, 373 paired
2026-06-10 23:36:12,823 - INFO -   Average I/O locality: 373 contiguous blocks preserving group semantics
2026-06-10 23:36:12,827 - INFO - Found 7 groups with >= 128 cells
2026-06-10 23:36:12,831 - INFO - Groups by type: 0 human, 0 drug, 7 paired
2026-06-10 23:36:12,831 - INFO - LOPO paired split fold 6/7: train=['P01', 'P05', 'P06', 'P07', 'P08'] val=P10 test=P09
2026-06-10 23:36:12,831 - INFO - Split groups: 5 train, 1 val, 1 test
2026-06-10 23:36:12,832 - INFO -   Human - train: 0, val: 0, test: 0
2026-06-10 23:36:12,832 - INFO -   Drug - train: 0, val: 0, test: 0
2026-06-10 23:36:12,832 - INFO -   Paired - train: 5, val: 1, test: 1
2026-06-10 23:36:12,832 - INFO - Creating training dataset...
2026-06-10 23:36:12,890 - INFO - [train] Created mapping for 11 unique cell identities.
2026-06-10 23:36:12,913 - INFO - [train] Generating locality-aware samples with group preservation...
2026-06-10 23:36:13,207 - INFO - Generated 186 locality-aware samples in 0.29s for train mode
2026-06-10 23:36:13,207 - INFO -   Processed 5 (file, group) combinations
2026-06-10 23:36:13,207 - INFO -   Skipped 0 combinations with < 256 cells
2026-06-10 23:36:13,207 - INFO -   Samples by type: 0 human, 0 drug, 186 paired
2026-06-10 23:36:13,208 - INFO -   Average I/O locality: 186 contiguous blocks preserving group semantics
2026-06-10 23:36:13,209 - INFO - Creating validation dataset...
2026-06-10 23:36:13,224 - INFO - [val] Created mapping for 11 unique cell identities.
2026-06-10 23:36:13,231 - INFO - [val] Generating locality-aware samples with group preservation...
2026-06-10 23:36:13,293 - INFO - Generated 48 locality-aware samples in 0.06s for val mode
2026-06-10 23:36:13,293 - INFO -   Processed 1 (file, group) combinations
2026-06-10 23:36:13,293 - INFO -   Skipped 0 combinations with < 256 cells
2026-06-10 23:36:13,294 - INFO -   Samples by type: 0 human, 0 drug, 48 paired
2026-06-10 23:36:13,295 - INFO -   Average I/O locality: 48 contiguous blocks preserving group semantics
2026-06-10 23:36:13,295 - INFO - Creating test dataset...
2026-06-10 23:36:13,374 - INFO - [test] Created mapping for 11 unique cell identities.
2026-06-10 23:36:13,408 - INFO - [test] Generating locality-aware samples with group preservation...
2026-06-10 23:36:13,509 - INFO - Generated 1 locality-aware samples in 0.09s for test mode
2026-06-10 23:36:13,519 - INFO -   Processed 1 (file, group) combinations
2026-06-10 23:36:13,520 - INFO -   Skipped 0 combinations with < 256 cells
2026-06-10 23:36:13,520 - INFO -   Samples by type: 0 human, 0 drug, 1 paired
2026-06-10 23:36:13,520 - INFO -   Average I/O locality: 1 contiguous blocks preserving group semantics
2026-06-10 23:36:13,520 - INFO - Fine-tuning splits prepared: train=186 val=48 test=1
2026-06-10 23:36:13,523 - INFO - Saved dataset split information to outputs/finetune/NG_output[3]full/fold_5/dataset_splits.json
2026-06-10 23:36:13,523 - INFO - Loading model from checkpoint: /data/home/zhangyaojie/Stack/notebooks/tutorial-pred-model/bc_large_aligned.ckpt
/data/home/zhangyaojie/Lung_stack/src/stack/finetune/utils.py:137: FutureWarning: You are using `torch.load` with `weights_only=False` (the current default value), which uses the default pickle module implicitly. It is possible to construct malicious pickle data which will execute arbitrary code during unpickling (See https://github.com/pytorch/pytorch/blob/main/SECURITY.md#untrusted-models for more details). In a future release, the default value for `weights_only` will be flipped to `True`. This limits the functions that could be executed during unpickling. Arbitrary objects will no longer be allowed to be loaded via this mode unless they are explicitly allowlisted by the user via `torch.serialization.add_safe_globals`. We recommend you start setting `weights_only=True` for any use case where you don't have full control of the loaded file. Please open an issue on GitHub for any issues related to this experimental feature.
  ckpt = torch.load(ckpt_path, map_location="cpu")
2026-06-10 23:36:14,890 - INFO - Override model_config.n_cells: 512 -> 256
/data/home/zhangyaojie/miniconda3/envs/Stella/lib/python3.10/site-packages/lightning_fabric/utilities/cloud_io.py:73: You are using `torch.load` with `weights_only=False` (the current default value), which uses the default pickle module implicitly. It is possible to construct malicious pickle data which will execute arbitrary code during unpickling (See https://github.com/pytorch/pytorch/blob/main/SECURITY.md#untrusted-models for more details). In a future release, the default value for `weights_only` will be flipped to `True`. This limits the functions that could be executed during unpickling. Arbitrary objects will no longer be allowed to be loaded via this mode unless they are explicitly allowlisted by the user via `torch.serialization.add_safe_globals`. We recommend you start setting `weights_only=True` for any use case where you don't have full control of the loaded file. Please open an issue on GitHub for any issues related to this experimental feature.
2026-06-10 23:36:27,175 - INFO - Freezing teacher model parameters for distillation
2026-06-10 23:36:27,178 - INFO - Fine-tune strategy: stage1 (train query_pos_embedding, cls, output_mlp final bias)
2026-06-10 23:36:27,179 - INFO - Student trainable parameters: 96428625/217806513 (44.2726%)
2026-06-10 23:36:27,180 - INFO - Restored teacher_model parameters from student checkpoint weights.
Using bfloat16 Automatic Mixed Precision (AMP)
GPU available: True (cuda), used: True
TPU available: False, using: 0 TPU cores
💡 Tip: For seamless cloud logging and experiment tracking, try installing [litlogger](https://pypi.org/project/litlogger/) to enable LitLogger, which logs metrics and artifacts automatically to the Lightning Experiments platform.
2026-06-10 23:36:27,593 - INFO - ================================================================================
2026-06-10 23:36:27,593 - INFO - FINE-TUNING CONFIGURATION WITH FROZEN TEACHER
2026-06-10 23:36:27,593 - INFO - ================================================================================
2026-06-10 23:36:27,593 - INFO - Checkpoint: /data/home/zhangyaojie/Stack/notebooks/tutorial-pred-model/bc_large_aligned.ckpt
2026-06-10 23:36:27,594 - INFO - Model configuration:
2026-06-10 23:36:27,594 - INFO -   n_genes: 15012
2026-06-10 23:36:27,594 - INFO -   n_hidden: 100
2026-06-10 23:36:27,594 - INFO -   token_dim: 16
2026-06-10 23:36:27,594 - INFO -   n_cells: 256
2026-06-10 23:36:27,594 - INFO -   n_layers: 9
2026-06-10 23:36:27,594 - INFO -   n_heads: 8
2026-06-10 23:36:27,594 - INFO -   dropout: 0.0
2026-06-10 23:36:27,594 - INFO -   mask_rate_min: 0.1
2026-06-10 23:36:27,594 - INFO -   mask_rate_max: 0.8
2026-06-10 23:36:27,594 - INFO -   sw_weight: 0.01
2026-06-10 23:36:27,594 - INFO -   n_proj: 64
2026-06-10 23:36:27,594 - INFO - Training setup:
2026-06-10 23:36:27,594 - INFO -   Using Frozen Teacher architecture for stable targets
2026-06-10 23:36:27,594 - INFO - Dataset configurations:
2026-06-10 23:36:27,595 - INFO -   Dataset 1: paired - /data/home/zhangyaojie/data/NG/neoadjuvant_paired
2026-06-10 23:36:27,595 - INFO -     Patient col: Patient, Timepoint col: Timepoint, Cell type col: cell_type, Pre/Post: Pre-biopsy/Post-surgery
2026-06-10 23:36:27,595 - INFO -     Filter organism: False
2026-06-10 23:36:27,595 - INFO - Gene list: /data/home/zhangyaojie/Stack/notebooks/tutorial-pred-model/basecount_1000per_15000max.pkl (15012 genes)
2026-06-10 23:36:27,595 - INFO - Sample size: 256
2026-06-10 23:36:27,595 - INFO - Split strategy: lopo (fold=5, val_offset=1)
2026-06-10 23:36:27,595 - INFO - Paired sampling method: method1_capacity_strict
2026-06-10 23:36:27,595 - INFO - N kept cells (Student): 64
2026-06-10 23:36:27,595 - INFO - Batch size: 8
2026-06-10 23:36:27,595 - INFO - Fine-tune strategy: stage1
2026-06-10 23:36:27,595 - INFO - Learning rate: 1e-05
2026-06-10 23:36:27,596 - INFO - Head learning rate: 0.0001
2026-06-10 23:36:27,596 - INFO - Decoder learning rate: 0.0001
2026-06-10 23:36:27,596 - INFO - Max epochs: 12
2026-06-10 23:36:27,596 - INFO - Save dir: outputs/finetune/NG_output[3]full/fold_5
2026-06-10 23:36:27,596 - INFO - Run name: NG_output[3]full_fold5_seed42_fold_5_seed_42
2026-06-10 23:36:27,596 - INFO - Logger: TensorBoardLogger
2026-06-10 23:36:27,596 - INFO - ================================================================================
Initializing distributed: GLOBAL_RANK: 0, MEMBER: 1/1
----------------------------------------------------------------------------------------------------
distributed_backend=nccl
All distributed processes registered. Starting with 1 processes
----------------------------------------------------------------------------------------------------

2026-06-10 23:36:28,193 - INFO - Preparing fine-tuning datasets from 1 configs
2026-06-10 23:36:28,193 - INFO - Creating base dataset for group splitting...
2026-06-10 23:36:28,246 - INFO - [train] Created mapping for 11 unique cell identities.
2026-06-10 23:36:28,253 - INFO - Found 7 groups with >= 128 cells
2026-06-10 23:36:28,256 - INFO - Groups by type: 0 human, 0 drug, 7 paired
2026-06-10 23:36:28,256 - INFO - LOPO paired split fold 6/7: train=['P01', 'P05', 'P06', 'P07', 'P08'] val=P10 test=P09
2026-06-10 23:36:28,256 - INFO - Split groups: 5 train, 1 val, 1 test
2026-06-10 23:36:28,257 - INFO -   Human - train: 0, val: 0, test: 0
2026-06-10 23:36:28,257 - INFO -   Drug - train: 0, val: 0, test: 0
2026-06-10 23:36:28,257 - INFO -   Paired - train: 5, val: 1, test: 1
2026-06-10 23:36:28,265 - INFO - [train] Generating locality-aware samples with group preservation...
2026-06-10 23:36:28,593 - INFO - Generated 373 locality-aware samples in 0.32s for train mode
2026-06-10 23:36:28,594 - INFO -   Processed 5 (file, group) combinations
2026-06-10 23:36:28,595 - INFO -   Skipped 0 combinations with < 128 cells
2026-06-10 23:36:28,595 - INFO -   Samples by type: 0 human, 0 drug, 373 paired
2026-06-10 23:36:28,595 - INFO -   Average I/O locality: 373 contiguous blocks preserving group semantics
2026-06-10 23:36:28,599 - INFO - Found 7 groups with >= 128 cells
2026-06-10 23:36:28,601 - INFO - Groups by type: 0 human, 0 drug, 7 paired
2026-06-10 23:36:28,601 - INFO - LOPO paired split fold 6/7: train=['P01', 'P05', 'P06', 'P07', 'P08'] val=P10 test=P09
2026-06-10 23:36:28,601 - INFO - Split groups: 5 train, 1 val, 1 test
2026-06-10 23:36:28,601 - INFO -   Human - train: 0, val: 0, test: 0
2026-06-10 23:36:28,601 - INFO -   Drug - train: 0, val: 0, test: 0
2026-06-10 23:36:28,601 - INFO -   Paired - train: 5, val: 1, test: 1
2026-06-10 23:36:28,601 - INFO - Creating training dataset...
2026-06-10 23:36:28,629 - INFO - [train] Created mapping for 11 unique cell identities.
2026-06-10 23:36:28,640 - INFO - [train] Generating locality-aware samples with group preservation...
2026-06-10 23:36:28,787 - INFO - Generated 186 locality-aware samples in 0.15s for train mode
2026-06-10 23:36:28,788 - INFO -   Processed 5 (file, group) combinations
2026-06-10 23:36:28,788 - INFO -   Skipped 0 combinations with < 256 cells
2026-06-10 23:36:28,788 - INFO -   Samples by type: 0 human, 0 drug, 186 paired
2026-06-10 23:36:28,788 - INFO -   Average I/O locality: 186 contiguous blocks preserving group semantics
2026-06-10 23:36:28,790 - INFO - Creating validation dataset...
2026-06-10 23:36:28,818 - INFO - [val] Created mapping for 11 unique cell identities.
2026-06-10 23:36:28,829 - INFO - [val] Generating locality-aware samples with group preservation...
2026-06-10 23:36:28,890 - INFO - Generated 48 locality-aware samples in 0.06s for val mode
2026-06-10 23:36:28,891 - INFO -   Processed 1 (file, group) combinations
2026-06-10 23:36:28,891 - INFO -   Skipped 0 combinations with < 256 cells
2026-06-10 23:36:28,891 - INFO -   Samples by type: 0 human, 0 drug, 48 paired
2026-06-10 23:36:28,891 - INFO -   Average I/O locality: 48 contiguous blocks preserving group semantics
2026-06-10 23:36:28,892 - INFO - Creating test dataset...
2026-06-10 23:36:28,920 - INFO - [test] Created mapping for 11 unique cell identities.
2026-06-10 23:36:28,931 - INFO - [test] Generating locality-aware samples with group preservation...
2026-06-10 23:36:28,964 - INFO - Generated 1 locality-aware samples in 0.03s for test mode
2026-06-10 23:36:28,966 - INFO -   Processed 1 (file, group) combinations
2026-06-10 23:36:28,966 - INFO -   Skipped 0 combinations with < 256 cells
2026-06-10 23:36:28,966 - INFO -   Samples by type: 0 human, 0 drug, 1 paired
2026-06-10 23:36:28,967 - INFO -   Average I/O locality: 1 contiguous blocks preserving group semantics
2026-06-10 23:36:28,967 - INFO - Fine-tuning splits prepared: train=186 val=48 test=1
/data/home/zhangyaojie/miniconda3/envs/Stella/lib/python3.10/site-packages/pytorch_lightning/callbacks/model_checkpoint.py:881: Checkpoint directory /data/home/zhangyaojie/Lung_stack/outputs/finetune/NG_output[3]full/fold_5 exists and is not empty.
LOCAL_RANK: 0 - CUDA_VISIBLE_DEVICES: [7]
/data/home/zhangyaojie/miniconda3/envs/Stella/lib/python3.10/site-packages/pytorch_lightning/utilities/model_summary/model_summary.py:242: Precision bf16-mixed is not supported by the model summary.  Estimated model size in MB will not be accurate. Using 32 bits instead.
/data/home/zhangyaojie/miniconda3/envs/Stella/bin/python
3.10.19 (main, Oct 21 2025, 16:43:05) [GCC 11.2.0]
┏━━━┳━━━━━━━━━━━━━━━┳━━━━━━━━━━━━━━━━━━━━┳━━━━━━━━┳━━━━━━━┳━━━━━━━┓
┃   ┃ Name          ┃ Type               ┃ Params ┃ Mode  ┃ FLOPs ┃
┡━━━╇━━━━━━━━━━━━━━━╇━━━━━━━━━━━━━━━━━━━━╇━━━━━━━━╇━━━━━━━╇━━━━━━━┩
│ 0 │ model         │ ICL_FinetunedModel │  217 M │ train │     0 │
│ 1 │ teacher_model │ ICL_FinetunedModel │  217 M │ eval  │     0 │
└───┴───────────────┴────────────────────┴────────┴───────┴───────┘
Trainable params: 96.4 M                                                                                         
Non-trainable params: 339 M                                                                                      
Total params: 435 M                                                                                              
Total estimated model params size (MB): 1,742.452                                                                
Modules in train mode: 179                                                                                       
Modules in eval mode: 179                                                                                        
Total FLOPs: 0                                                                                                   
2026-06-10 23:36:29,026 - INFO - `on_fit_start` hook called. Syncing teacher model weights from student...
2026-06-10 23:36:29,032 - INFO - VERIFYING teacher weights against student weights...
2026-06-10 23:36:29,050 - INFO - SUCCESS: Teacher weights match student weights.
2026-06-10 23:36:29,055 - INFO - Sample tensor sum: 2.597881317138672
2026-06-10 23:36:29,056 - INFO - Teacher model weights synced successfully.
2026-06-10 23:36:29,324 - INFO - Model architecture verification passed for both student and teacher.
/data/home/zhangyaojie/miniconda3/envs/Stella/lib/python3.10/site-packages/pytorch_lightning/utilities/data.py:79: Trying to infer the `batch_size` from an ambiguous collection. The batch size we found is 8. To avoid any miscalculations, use `self.log(..., batch_size=batch_size)`.
/data/home/zhangyaojie/miniconda3/envs/Stella/lib/python3.10/site-packages/pytorch_lightning/loops/fit_loop.py:538: Found 179 module(s) in eval mode at the start of training. This may lead to unexpected behavior during training. If this is intentional, you can ignore this warning.
Metric val_loss improved. New best score: 82.122
Epoch 0, global step 6: 'val_loss' reached 82.12228 (best 82.12228), saving model to '/data/home/zhangyaojie/Lung_stack/outputs/finetune/NG_output[3]full/fold_5/finetuned-epoch=0-val_loss=82.1223.ckpt' as top 3
2026-06-10 23:37:05,780 - INFO - Checkpoint pruned to student parameters only (kept 'model.' prefix).
2026-06-10 23:37:11,935 - INFO - Checkpoint pruned to student parameters only (kept 'model.' prefix).
Metric val_loss improved by 60.584 >= min_delta = 0.0001. New best score: 21.538
Epoch 1, global step 12: 'val_loss' reached 21.53789 (best 21.53789), saving model to '/data/home/zhangyaojie/Lung_stack/outputs/finetune/NG_output[3]full/fold_5/finetuned-epoch=1-val_loss=21.5379.ckpt' as top 3
2026-06-10 23:37:50,084 - INFO - Checkpoint pruned to student parameters only (kept 'model.' prefix).
2026-06-10 23:37:56,507 - INFO - Checkpoint pruned to student parameters only (kept 'model.' prefix).
Epoch 2, global step 18: 'val_loss' reached 66.54868 (best 21.53789), saving model to '/data/home/zhangyaojie/Lung_stack/outputs/finetune/NG_output[3]full/fold_5/finetuned-epoch=2-val_loss=66.5487.ckpt' as top 3
2026-06-10 23:38:40,596 - INFO - Checkpoint pruned to student parameters only (kept 'model.' prefix).
2026-06-10 23:38:45,758 - INFO - Checkpoint pruned to student parameters only (kept 'model.' prefix).
Metric val_loss improved by 8.302 >= min_delta = 0.0001. New best score: 13.236
Epoch 3, global step 24: 'val_loss' reached 13.23584 (best 13.23584), saving model to '/data/home/zhangyaojie/Lung_stack/outputs/finetune/NG_output[3]full/fold_5/finetuned-epoch=3-val_loss=13.2358.ckpt' as top 3
2026-06-10 23:39:31,415 - INFO - Checkpoint pruned to student parameters only (kept 'model.' prefix).
2026-06-10 23:39:36,546 - INFO - Checkpoint pruned to student parameters only (kept 'model.' prefix).
Epoch 4, global step 30: 'val_loss' reached 28.36771 (best 13.23584), saving model to '/data/home/zhangyaojie/Lung_stack/outputs/finetune/NG_output[3]full/fold_5/finetuned-epoch=4-val_loss=28.3677.ckpt' as top 3
2026-06-10 23:40:29,759 - INFO - Checkpoint pruned to student parameters only (kept 'model.' prefix).
2026-06-10 23:40:39,742 - INFO - Checkpoint pruned to student parameters only (kept 'model.' prefix).
Epoch 5, global step 36: 'val_loss' reached 14.85266 (best 13.23584), saving model to '/data/home/zhangyaojie/Lung_stack/outputs/finetune/NG_output[3]full/fold_5/finetuned-epoch=5-val_loss=14.8527.ckpt' as top 3
2026-06-10 23:41:27,801 - INFO - Checkpoint pruned to student parameters only (kept 'model.' prefix).
2026-06-10 23:41:34,135 - INFO - Checkpoint pruned to student parameters only (kept 'model.' prefix).
Monitored metric val_loss did not improve in the last 3 records. Best score: 13.236. Signaling Trainer to stop.
Epoch 6, global step 42: 'val_loss' was not in top 3
Epoch 6/11 ━━━━━━━━━━━━━━━━━━━━━━━━━━━━━━━━━━ 23/23 0:00:21 • 0:00:00 1.17it/s v_num: d_42 train/loss_step: 5.398
                                                                               train/recon_loss_step: 0.210      
                                                                               train/mmd_loss_step: 4.983        
                                                                               train/sw_loss_step: 0.071         
                                                                               train/cls_loss_step: 0.204        
                                                                               train/cls_acc_step: 0.695         
                                                                               val_loss: 23.957 train/loss_epoch:
                                                                               36.850 train/recon_loss_epoch:    
                                                                               0.203 train/mmd_loss_epoch: 36.246
                                                                               train/sw_loss_epoch: 0.071        
                                                                               train/cls_loss_epoch: 0.400       
                                                                               train/cls_acc_epoch: 0.787        
2026-06-10 23:42:18,182 - INFO - Running test evaluation with frozen teacher...
Restoring states from the checkpoint path at /data/home/zhangyaojie/Lung_stack/outputs/finetune/NG_output[3]full/fold_5/finetuned-epoch=3-val_loss=13.2358.ckpt
2026-06-10 23:42:18,705 - INFO - Restored teacher_model parameters from student checkpoint weights.
LOCAL_RANK: 0 - CUDA_VISIBLE_DEVICES: [7]
Loaded model weights from the checkpoint at /data/home/zhangyaojie/Lung_stack/outputs/finetune/NG_output[3]full/fold_5/finetuned-epoch=3-val_loss=13.2358.ckpt
/data/home/zhangyaojie/miniconda3/envs/Stella/lib/python3.10/site-packages/pytorch_lightning/utilities/data.py:79: Trying to infer the `batch_size` from an ambiguous collection. The batch size we found is 1. To avoid any miscalculations, use `self.log(..., batch_size=batch_size)`.
┏━━━━━━━━━━━━━━━━━━━━━━━━━━━┳━━━━━━━━━━━━━━━━━━━━━━━━━━━┓
┃        Test metric        ┃       DataLoader 0        ┃
┡━━━━━━━━━━━━━━━━━━━━━━━━━━━╇━━━━━━━━━━━━━━━━━━━━━━━━━━━┩
│       test/cls_acc        │    0.8854166865348816     │
│       test/cls_loss       │    0.4498600959777832     │
│      test/mask_rate       │    0.19577670097351074    │
│     test/masked_corr      │    0.5513729453086853     │
│      test/masked_mae      │    0.16635550558567047    │
│       test/mmd_loss       │     17.97315216064453     │
│      test/recon_loss      │    0.20857912302017212    │
│       test/sw_loss        │    0.07603919506072998    │
│      test/sw_predict      │     0.135135680437088     │
│         test_loss         │    18.632352828979492     │
└───────────────────────────┴───────────────────────────┘
Testing ━━━━━━━━━━━━━━━━━━━━━━━━━━━━━━━━━━━━━━━━ 1/1 0:00:00 • 0:00:00 0.00it/s  
2026-06-10 23:42:20,906 - INFO - Test results: [{'test_loss': 18.632352828979492, 'test/recon_loss': 0.20857912302017212, 'test/mmd_loss': 17.97315216064453, 'test/sw_loss': 0.07603919506072998, 'test/cls_loss': 0.4498600959777832, 'test/cls_acc': 0.8854166865348816, 'test/masked_mae': 0.16635550558567047, 'test/masked_corr': 0.5513729453086853, 'test/sw_predict': 0.135135680437088, 'test/mask_rate': 0.19577670097351074}]
2026-06-10 23:42:20,907 - INFO - Fine-tuning pipeline completed successfully!
