2026-06-09 21:10:17,226 - INFO - Loaded fine-tuning defaults from configs/finetuning/ft_parsecg.yaml
2026-06-09 21:10:17,226 - INFO - Added paired dataset config: path=/data/home/zhangyaojie/data/NG/neoadjuvant_paired gene_col=gene_symbols
2026-06-09 21:10:17,250 - INFO - Loaded 15012 genes for fine-tuning from /data/home/zhangyaojie/Stack/notebooks/tutorial-pred-model/basecount_1000per_15000max.pkl
2026-06-09 21:10:17,250 - INFO - Preparing fine-tuning datasets from 1 configs
2026-06-09 21:10:17,250 - INFO - Creating base dataset for group splitting...
2026-06-09 21:10:17,251 - INFO - Initializing Enhanced MultiDatasetMetadataCache...
2026-06-09 21:10:17,311 - INFO - Loaded acceleration pools from cache:
2026-06-09 21:10:17,311 - INFO -   Group-identity combinations: 76
2026-06-09 21:10:17,311 - INFO -   File-identity combinations: 11
2026-06-09 21:10:17,311 - INFO -   Config-identity combinations: 11
2026-06-09 21:10:17,311 - INFO -   Paired group-condition-identity combinations: 152
2026-06-09 21:10:17,311 - INFO -   Unique identities: 11
2026-06-09 21:10:17,312 - INFO - Loaded metadata from cache: /data/home/zhangyaojie/Lung_stack/cache/finetune/NG_metadata.pkl
2026-06-09 21:10:17,359 - INFO - Initialization completed in 0.11s. Total cells: 124483
2026-06-09 21:10:17,359 - INFO - Current memory usage: ~0.88GB
2026-06-09 21:10:17,379 - INFO - [train] Created mapping for 11 unique cell identities.
2026-06-09 21:10:17,381 - INFO - Found 7 groups with >= 128 cells
2026-06-09 21:10:17,381 - INFO - Groups by type: 0 human, 0 drug, 7 paired
2026-06-09 21:10:17,381 - INFO - LOPO paired split fold 6/7: train=['P01', 'P05', 'P06', 'P07', 'P08'] val=P10 test=P09
2026-06-09 21:10:17,381 - INFO - Split groups: 5 train, 1 val, 1 test
2026-06-09 21:10:17,382 - INFO -   Human - train: 0, val: 0, test: 0
2026-06-09 21:10:17,382 - INFO -   Drug - train: 0, val: 0, test: 0
2026-06-09 21:10:17,382 - INFO -   Paired - train: 5, val: 1, test: 1
2026-06-09 21:10:17,387 - INFO - [train] Generating locality-aware samples with group preservation...
2026-06-09 21:10:17,497 - INFO - Generated 373 locality-aware samples in 0.11s for train mode
2026-06-09 21:10:17,497 - INFO -   Processed 5 (file, group) combinations
2026-06-09 21:10:17,497 - INFO -   Skipped 0 combinations with < 128 cells
2026-06-09 21:10:17,497 - INFO -   Samples by type: 0 human, 0 drug, 373 paired
2026-06-09 21:10:17,497 - INFO -   Average I/O locality: 373 contiguous blocks preserving group semantics
2026-06-09 21:10:17,500 - INFO - Found 7 groups with >= 128 cells
2026-06-09 21:10:17,500 - INFO - Groups by type: 0 human, 0 drug, 7 paired
2026-06-09 21:10:17,500 - INFO - LOPO paired split fold 6/7: train=['P01', 'P05', 'P06', 'P07', 'P08'] val=P10 test=P09
2026-06-09 21:10:17,500 - INFO - Split groups: 5 train, 1 val, 1 test
2026-06-09 21:10:17,500 - INFO -   Human - train: 0, val: 0, test: 0
2026-06-09 21:10:17,500 - INFO -   Drug - train: 0, val: 0, test: 0
2026-06-09 21:10:17,500 - INFO -   Paired - train: 5, val: 1, test: 1
2026-06-09 21:10:17,500 - INFO - Creating training dataset...
2026-06-09 21:10:17,516 - INFO - [train] Created mapping for 11 unique cell identities.
2026-06-09 21:10:17,525 - INFO - [train] Generating locality-aware samples with group preservation...
2026-06-09 21:10:17,628 - INFO - Generated 186 locality-aware samples in 0.10s for train mode
2026-06-09 21:10:17,628 - INFO -   Processed 5 (file, group) combinations
2026-06-09 21:10:17,629 - INFO -   Skipped 0 combinations with < 256 cells
2026-06-09 21:10:17,629 - INFO -   Samples by type: 0 human, 0 drug, 186 paired
2026-06-09 21:10:17,629 - INFO -   Average I/O locality: 186 contiguous blocks preserving group semantics
2026-06-09 21:10:17,630 - INFO - Creating validation dataset...
2026-06-09 21:10:17,646 - INFO - [val] Created mapping for 11 unique cell identities.
2026-06-09 21:10:17,654 - INFO - [val] Generating locality-aware samples with group preservation...
2026-06-09 21:10:17,697 - INFO - Generated 48 locality-aware samples in 0.04s for val mode
2026-06-09 21:10:17,697 - INFO -   Processed 1 (file, group) combinations
2026-06-09 21:10:17,697 - INFO -   Skipped 0 combinations with < 256 cells
2026-06-09 21:10:17,697 - INFO -   Samples by type: 0 human, 0 drug, 48 paired
2026-06-09 21:10:17,697 - INFO -   Average I/O locality: 48 contiguous blocks preserving group semantics
2026-06-09 21:10:17,698 - INFO - Creating test dataset...
2026-06-09 21:10:17,715 - INFO - [test] Created mapping for 11 unique cell identities.
2026-06-09 21:10:17,723 - INFO - [test] Generating locality-aware samples with group preservation...
2026-06-09 21:10:17,744 - INFO - Generated 1 locality-aware samples in 0.02s for test mode
2026-06-09 21:10:17,744 - INFO -   Processed 1 (file, group) combinations
2026-06-09 21:10:17,744 - INFO -   Skipped 0 combinations with < 256 cells
2026-06-09 21:10:17,744 - INFO -   Samples by type: 0 human, 0 drug, 1 paired
2026-06-09 21:10:17,744 - INFO -   Average I/O locality: 1 contiguous blocks preserving group semantics
2026-06-09 21:10:17,744 - INFO - Fine-tuning splits prepared: train=186 val=48 test=1
2026-06-09 21:10:17,745 - INFO - Saved dataset split information to outputs/finetune/NG_fix1/fold_5/dataset_splits.json
2026-06-09 21:10:17,745 - INFO - Loading model from checkpoint: /data/home/zhangyaojie/Stack/notebooks/tutorial-pred-model/bc_large_aligned.ckpt
/data/home/zhangyaojie/Lung_stack/src/stack/finetune/utils.py:137: FutureWarning: You are using `torch.load` with `weights_only=False` (the current default value), which uses the default pickle module implicitly. It is possible to construct malicious pickle data which will execute arbitrary code during unpickling (See https://github.com/pytorch/pytorch/blob/main/SECURITY.md#untrusted-models for more details). In a future release, the default value for `weights_only` will be flipped to `True`. This limits the functions that could be executed during unpickling. Arbitrary objects will no longer be allowed to be loaded via this mode unless they are explicitly allowlisted by the user via `torch.serialization.add_safe_globals`. We recommend you start setting `weights_only=True` for any use case where you don't have full control of the loaded file. Please open an issue on GitHub for any issues related to this experimental feature.
  ckpt = torch.load(ckpt_path, map_location="cpu")
2026-06-09 21:10:18,713 - INFO - Override model_config.n_cells: 512 -> 256
/data/home/zhangyaojie/miniconda3/envs/Stella/lib/python3.10/site-packages/lightning_fabric/utilities/cloud_io.py:73: You are using `torch.load` with `weights_only=False` (the current default value), which uses the default pickle module implicitly. It is possible to construct malicious pickle data which will execute arbitrary code during unpickling (See https://github.com/pytorch/pytorch/blob/main/SECURITY.md#untrusted-models for more details). In a future release, the default value for `weights_only` will be flipped to `True`. This limits the functions that could be executed during unpickling. Arbitrary objects will no longer be allowed to be loaded via this mode unless they are explicitly allowlisted by the user via `torch.serialization.add_safe_globals`. We recommend you start setting `weights_only=True` for any use case where you don't have full control of the loaded file. Please open an issue on GitHub for any issues related to this experimental feature.
2026-06-09 21:10:26,924 - INFO - Freezing teacher model parameters for distillation
2026-06-09 21:10:26,926 - INFO - Fine-tune strategy: stage1 (train query_pos_embedding, cls, output_mlp final bias)
2026-06-09 21:10:26,926 - INFO - Student trainable parameters: 351825/217806513 (0.1615%)
2026-06-09 21:10:26,927 - INFO - Restored teacher_model parameters from student checkpoint weights.
Using bfloat16 Automatic Mixed Precision (AMP)
GPU available: True (cuda), used: True
TPU available: False, using: 0 TPU cores
💡 Tip: For seamless cloud logging and experiment tracking, try installing [litlogger](https://pypi.org/project/litlogger/) to enable LitLogger, which logs metrics and artifacts automatically to the Lightning Experiments platform.
2026-06-09 21:10:27,372 - INFO - ================================================================================
2026-06-09 21:10:27,372 - INFO - FINE-TUNING CONFIGURATION WITH FROZEN TEACHER
2026-06-09 21:10:27,372 - INFO - ================================================================================
2026-06-09 21:10:27,372 - INFO - Checkpoint: /data/home/zhangyaojie/Stack/notebooks/tutorial-pred-model/bc_large_aligned.ckpt
2026-06-09 21:10:27,372 - INFO - Model configuration:
2026-06-09 21:10:27,372 - INFO -   n_genes: 15012
2026-06-09 21:10:27,372 - INFO -   n_hidden: 100
2026-06-09 21:10:27,372 - INFO -   token_dim: 16
2026-06-09 21:10:27,372 - INFO -   n_cells: 256
2026-06-09 21:10:27,372 - INFO -   n_layers: 9
2026-06-09 21:10:27,372 - INFO -   n_heads: 8
2026-06-09 21:10:27,372 - INFO -   dropout: 0.0
2026-06-09 21:10:27,372 - INFO -   mask_rate_min: 0.1
2026-06-09 21:10:27,372 - INFO -   mask_rate_max: 0.8
2026-06-09 21:10:27,372 - INFO -   sw_weight: 0.01
2026-06-09 21:10:27,372 - INFO -   n_proj: 64
2026-06-09 21:10:27,372 - INFO - Training setup:
2026-06-09 21:10:27,372 - INFO -   Using Frozen Teacher architecture for stable targets
2026-06-09 21:10:27,372 - INFO - Dataset configurations:
2026-06-09 21:10:27,372 - INFO -   Dataset 1: paired - /data/home/zhangyaojie/data/NG/neoadjuvant_paired
2026-06-09 21:10:27,372 - INFO -     Patient col: Patient, Timepoint col: Timepoint, Cell type col: cell_type, Pre/Post: Pre-biopsy/Post-surgery
2026-06-09 21:10:27,372 - INFO -     Filter organism: False
2026-06-09 21:10:27,372 - INFO - Gene list: /data/home/zhangyaojie/Stack/notebooks/tutorial-pred-model/basecount_1000per_15000max.pkl (15012 genes)
2026-06-09 21:10:27,372 - INFO - Sample size: 256
2026-06-09 21:10:27,372 - INFO - Split strategy: lopo (fold=5, val_offset=1)
2026-06-09 21:10:27,373 - INFO - Paired sampling method: method1_capacity_strict
2026-06-09 21:10:27,373 - INFO - N kept cells (Student): 64
2026-06-09 21:10:27,373 - INFO - Batch size: 8
2026-06-09 21:10:27,373 - INFO - Fine-tune strategy: stage1
2026-06-09 21:10:27,373 - INFO - Learning rate: 1e-05
2026-06-09 21:10:27,373 - INFO - Head learning rate: 0.0001
2026-06-09 21:10:27,373 - INFO - Decoder learning rate: 1e-05
2026-06-09 21:10:27,373 - INFO - Max epochs: 12
2026-06-09 21:10:27,373 - INFO - Save dir: outputs/finetune/NG_fix1/fold_5
2026-06-09 21:10:27,373 - INFO - Run name: NG_stage1_fold5_seed42_fold_5_seed_42
2026-06-09 21:10:27,373 - INFO - Logger: TensorBoardLogger
2026-06-09 21:10:27,373 - INFO - ================================================================================
Initializing distributed: GLOBAL_RANK: 0, MEMBER: 1/1
----------------------------------------------------------------------------------------------------
distributed_backend=nccl
All distributed processes registered. Starting with 1 processes
----------------------------------------------------------------------------------------------------

2026-06-09 21:10:27,730 - INFO - Preparing fine-tuning datasets from 1 configs
2026-06-09 21:10:27,730 - INFO - Creating base dataset for group splitting...
2026-06-09 21:10:27,767 - INFO - [train] Created mapping for 11 unique cell identities.
2026-06-09 21:10:27,770 - INFO - Found 7 groups with >= 128 cells
2026-06-09 21:10:27,770 - INFO - Groups by type: 0 human, 0 drug, 7 paired
2026-06-09 21:10:27,770 - INFO - LOPO paired split fold 6/7: train=['P01', 'P05', 'P06', 'P07', 'P08'] val=P10 test=P09
2026-06-09 21:10:27,770 - INFO - Split groups: 5 train, 1 val, 1 test
2026-06-09 21:10:27,770 - INFO -   Human - train: 0, val: 0, test: 0
2026-06-09 21:10:27,770 - INFO -   Drug - train: 0, val: 0, test: 0
2026-06-09 21:10:27,771 - INFO -   Paired - train: 5, val: 1, test: 1
2026-06-09 21:10:27,779 - INFO - [train] Generating locality-aware samples with group preservation...
2026-06-09 21:10:27,979 - INFO - Generated 373 locality-aware samples in 0.20s for train mode
2026-06-09 21:10:27,979 - INFO -   Processed 5 (file, group) combinations
2026-06-09 21:10:27,979 - INFO -   Skipped 0 combinations with < 128 cells
2026-06-09 21:10:27,979 - INFO -   Samples by type: 0 human, 0 drug, 373 paired
2026-06-09 21:10:27,979 - INFO -   Average I/O locality: 373 contiguous blocks preserving group semantics
2026-06-09 21:10:27,983 - INFO - Found 7 groups with >= 128 cells
2026-06-09 21:10:27,983 - INFO - Groups by type: 0 human, 0 drug, 7 paired
2026-06-09 21:10:27,983 - INFO - LOPO paired split fold 6/7: train=['P01', 'P05', 'P06', 'P07', 'P08'] val=P10 test=P09
2026-06-09 21:10:27,983 - INFO - Split groups: 5 train, 1 val, 1 test
2026-06-09 21:10:27,983 - INFO -   Human - train: 0, val: 0, test: 0
2026-06-09 21:10:27,983 - INFO -   Drug - train: 0, val: 0, test: 0
2026-06-09 21:10:27,983 - INFO -   Paired - train: 5, val: 1, test: 1
2026-06-09 21:10:27,983 - INFO - Creating training dataset...
2026-06-09 21:10:28,018 - INFO - [train] Created mapping for 11 unique cell identities.
2026-06-09 21:10:28,031 - INFO - [train] Generating locality-aware samples with group preservation...
2026-06-09 21:10:28,228 - INFO - Generated 186 locality-aware samples in 0.20s for train mode
2026-06-09 21:10:28,228 - INFO -   Processed 5 (file, group) combinations
2026-06-09 21:10:28,228 - INFO -   Skipped 0 combinations with < 256 cells
2026-06-09 21:10:28,228 - INFO -   Samples by type: 0 human, 0 drug, 186 paired
2026-06-09 21:10:28,228 - INFO -   Average I/O locality: 186 contiguous blocks preserving group semantics
2026-06-09 21:10:28,230 - INFO - Creating validation dataset...
2026-06-09 21:10:28,265 - INFO - [val] Created mapping for 11 unique cell identities.
2026-06-09 21:10:28,278 - INFO - [val] Generating locality-aware samples with group preservation...
2026-06-09 21:10:28,348 - INFO - Generated 48 locality-aware samples in 0.07s for val mode
2026-06-09 21:10:28,348 - INFO -   Processed 1 (file, group) combinations
2026-06-09 21:10:28,348 - INFO -   Skipped 0 combinations with < 256 cells
2026-06-09 21:10:28,348 - INFO -   Samples by type: 0 human, 0 drug, 48 paired
2026-06-09 21:10:28,348 - INFO -   Average I/O locality: 48 contiguous blocks preserving group semantics
2026-06-09 21:10:28,348 - INFO - Creating test dataset...
2026-06-09 21:10:28,365 - INFO - [test] Created mapping for 11 unique cell identities.
2026-06-09 21:10:28,372 - INFO - [test] Generating locality-aware samples with group preservation...
2026-06-09 21:10:28,390 - INFO - Generated 1 locality-aware samples in 0.02s for test mode
2026-06-09 21:10:28,390 - INFO -   Processed 1 (file, group) combinations
2026-06-09 21:10:28,390 - INFO -   Skipped 0 combinations with < 256 cells
2026-06-09 21:10:28,390 - INFO -   Samples by type: 0 human, 0 drug, 1 paired
2026-06-09 21:10:28,390 - INFO -   Average I/O locality: 1 contiguous blocks preserving group semantics
2026-06-09 21:10:28,390 - INFO - Fine-tuning splits prepared: train=186 val=48 test=1
/data/home/zhangyaojie/miniconda3/envs/Stella/lib/python3.10/site-packages/pytorch_lightning/callbacks/model_checkpoint.py:881: Checkpoint directory /data/home/zhangyaojie/Lung_stack/outputs/finetune/NG_fix1/fold_5 exists and is not empty.
LOCAL_RANK: 0 - CUDA_VISIBLE_DEVICES: [7]
/data/home/zhangyaojie/miniconda3/envs/Stella/lib/python3.10/site-packages/pytorch_lightning/utilities/model_summary/model_summary.py:242: Precision bf16-mixed is not supported by the model summary.  Estimated model size in MB will not be accurate. Using 32 bits instead.
/data/home/zhangyaojie/miniconda3/envs/Stella/bin/python
3.10.19 (main, Oct 21 2025, 16:43:05) [GCC 11.2.0]
┏━━━┳━━━━━━━━━━━━━━━┳━━━━━━━━━━━━━━━━━━━━┳━━━━━━━━┳━━━━━━━┳━━━━━━━┓
┃   ┃ Name          ┃ Type               ┃ Params ┃ Mode  ┃ FLOPs ┃
┡━━━╇━━━━━━━━━━━━━━━╇━━━━━━━━━━━━━━━━━━━━╇━━━━━━━━╇━━━━━━━╇━━━━━━━┩
│ 0 │ model         │ ICL_FinetunedModel │  217 M │ train │     0 │
│ 1 │ teacher_model │ ICL_FinetunedModel │  217 M │ eval  │     0 │
└───┴───────────────┴────────────────────┴────────┴───────┴───────┘
Trainable params: 351 K                                                                                               
Non-trainable params: 435 M                                                                                           
Total params: 435 M                                                                                                   
Total estimated model params size (MB): 1,742.452                                                                     
Modules in train mode: 179                                                                                            
Modules in eval mode: 179                                                                                             
Total FLOPs: 0                                                                                                        
2026-06-09 21:10:28,435 - INFO - `on_fit_start` hook called. Syncing teacher model weights from student...
2026-06-09 21:10:28,440 - INFO - VERIFYING teacher weights against student weights...
2026-06-09 21:10:28,459 - INFO - SUCCESS: Teacher weights match student weights.
2026-06-09 21:10:28,463 - INFO - Sample tensor sum: 2.597881317138672
2026-06-09 21:10:28,463 - INFO - Teacher model weights synced successfully.
2026-06-09 21:10:28,635 - INFO - Model architecture verification passed for both student and teacher.
/data/home/zhangyaojie/miniconda3/envs/Stella/lib/python3.10/site-packages/pytorch_lightning/utilities/data.py:79: Trying to infer the `batch_size` from an ambiguous collection. The batch size we found is 8. To avoid any miscalculations, use `self.log(..., batch_size=batch_size)`.
/data/home/zhangyaojie/miniconda3/envs/Stella/lib/python3.10/site-packages/pytorch_lightning/loops/fit_loop.py:538: Found 179 module(s) in eval mode at the start of training. This may lead to unexpected behavior during training. If this is intentional, you can ignore this warning.
Metric val_loss improved. New best score: 35.421
Epoch 0, global step 6: 'val_loss' reached 35.42124 (best 35.42124), saving model to '/data/home/zhangyaojie/Lung_stack/outputs/finetune/NG_fix1/fold_5/finetuned-epoch=0-val_loss=35.4212.ckpt' as top 3
2026-06-09 21:10:54,749 - INFO - Checkpoint pruned to student parameters only (kept 'model.' prefix).
2026-06-09 21:10:57,070 - INFO - Checkpoint pruned to student parameters only (kept 'model.' prefix).
Metric val_loss improved by 26.762 >= min_delta = 0.0001. New best score: 8.659
Epoch 1, global step 12: 'val_loss' reached 8.65920 (best 8.65920), saving model to '/data/home/zhangyaojie/Lung_stack/outputs/finetune/NG_fix1/fold_5/finetuned-epoch=1-val_loss=8.6592.ckpt' as top 3
2026-06-09 21:11:21,923 - INFO - Checkpoint pruned to student parameters only (kept 'model.' prefix).
2026-06-09 21:11:24,085 - INFO - Checkpoint pruned to student parameters only (kept 'model.' prefix).
Epoch 2, global step 18: 'val_loss' reached 18.13825 (best 8.65920), saving model to '/data/home/zhangyaojie/Lung_stack/outputs/finetune/NG_fix1/fold_5/finetuned-epoch=2-val_loss=18.1383.ckpt' as top 3
2026-06-09 21:11:52,757 - INFO - Checkpoint pruned to student parameters only (kept 'model.' prefix).
2026-06-09 21:11:54,910 - INFO - Checkpoint pruned to student parameters only (kept 'model.' prefix).
Metric val_loss improved by 1.116 >= min_delta = 0.0001. New best score: 7.544
Epoch 3, global step 24: 'val_loss' reached 7.54360 (best 7.54360), saving model to '/data/home/zhangyaojie/Lung_stack/outputs/finetune/NG_fix1/fold_5/finetuned-epoch=3-val_loss=7.5436.ckpt' as top 3
2026-06-09 21:12:26,265 - INFO - Checkpoint pruned to student parameters only (kept 'model.' prefix).
2026-06-09 21:12:29,235 - INFO - Checkpoint pruned to student parameters only (kept 'model.' prefix).
Epoch 4, global step 30: 'val_loss' was not in top 3
Epoch 5, global step 36: 'val_loss' was not in top 3
Monitored metric val_loss did not improve in the last 3 records. Best score: 7.544. Signaling Trainer to stop.
Epoch 6, global step 42: 'val_loss' was not in top 3
Epoch 6/11 ━━━━━━━━━━━━━━━━━━━━━━━━━━━━━━━━━━━━ 23/23 0:00:18 • 0:00:00 1.40it/s v_num: d_42 train/loss_step: 46.403  
                                                                                 train/recon_loss_step: 0.206         
                                                                                 train/mmd_loss_step: 45.494          
                                                                                 train/sw_loss_step: 0.071            
                                                                                 train/cls_loss_step: 0.701           
                                                                                 train/cls_acc_step: 0.632 val_loss:  
                                                                                 39.838 train/loss_epoch: 10.950      
                                                                                 train/recon_loss_epoch: 0.196        
                                                                                 train/mmd_loss_epoch: 10.461         
                                                                                 train/sw_loss_epoch: 0.069           
                                                                                 train/cls_loss_epoch: 0.292          
                                                                                 train/cls_acc_epoch: 0.765           
2026-06-09 21:13:42,382 - INFO - Running test evaluation with frozen teacher...
Restoring states from the checkpoint path at /data/home/zhangyaojie/Lung_stack/outputs/finetune/NG_fix1/fold_5/finetuned-epoch=3-val_loss=7.5436.ckpt
2026-06-09 21:13:42,639 - INFO - Restored teacher_model parameters from student checkpoint weights.
LOCAL_RANK: 0 - CUDA_VISIBLE_DEVICES: [7]
Loaded model weights from the checkpoint at /data/home/zhangyaojie/Lung_stack/outputs/finetune/NG_fix1/fold_5/finetuned-epoch=3-val_loss=7.5436.ckpt
/data/home/zhangyaojie/miniconda3/envs/Stella/lib/python3.10/site-packages/pytorch_lightning/utilities/data.py:79: Trying to infer the `batch_size` from an ambiguous collection. The batch size we found is 1. To avoid any miscalculations, use `self.log(..., batch_size=batch_size)`.
┏━━━━━━━━━━━━━━━━━━━━━━━━━━━┳━━━━━━━━━━━━━━━━━━━━━━━━━━━┓
┃        Test metric        ┃       DataLoader 0        ┃
┡━━━━━━━━━━━━━━━━━━━━━━━━━━━╇━━━━━━━━━━━━━━━━━━━━━━━━━━━┩
│       test/cls_acc        │         0.796875          │
│       test/cls_loss       │     0.55220627784729      │
│      test/mask_rate       │    0.13775646686553955    │
│     test/masked_corr      │    0.7781534790992737     │
│      test/masked_mae      │    0.2705667316913605     │
│       test/mmd_loss       │     63.80287551879883     │
│      test/recon_loss      │    0.21084646880626678    │
│       test/sw_loss        │    0.08369295299053192    │
│      test/sw_predict      │    0.2027760148048401     │
│         test_loss         │     64.5667724609375      │
└───────────────────────────┴───────────────────────────┘
Testing ━━━━━━━━━━━━━━━━━━━━━━━━━━━━━━━━━━━━━━━━ 1/1 0:00:00 • 0:00:00 0.00it/s  
2026-06-09 21:13:44,481 - INFO - Test results: [{'test_loss': 64.5667724609375, 'test/recon_loss': 0.21084646880626678, 'test/mmd_loss': 63.80287551879883, 'test/sw_loss': 0.08369295299053192, 'test/cls_loss': 0.55220627784729, 'test/cls_acc': 0.796875, 'test/masked_mae': 0.2705667316913605, 'test/masked_corr': 0.7781534790992737, 'test/sw_predict': 0.2027760148048401, 'test/mask_rate': 0.13775646686553955}]
2026-06-09 21:13:44,481 - INFO - Fine-tuning pipeline completed successfully!
